04-25 11:50:46.879  1452  1452 D SurfaceFlinger: duplicate layer name: changing com.example.bicepgamers/com.example.bicepgamers.GUI.SessionTimer to com.example.bicepgamers/com.example.bicepgamers.GUI.SessionTimer#1
04-25 11:50:46.883  1442  1480 D gralloc_ranchu: gralloc_alloc: Creating ashmem region of size 3342336
04-25 11:50:46.884  1442  1442 D gralloc_ranchu: gralloc_alloc: Creating ashmem region of size 3342336
04-25 11:50:46.886  1442  1480 D gralloc_ranchu: gralloc_alloc: Creating ashmem region of size 3342336
04-25 11:50:46.906  8709  8737 D EGL_emulation: eglMakeCurrent: 0xa2e050c0: ver 2 0 (tinfo 0xa2e030d0)
04-25 11:50:46.964  1669  1686 I WifiService: requestActivityInfo uid=1000
04-25 11:50:46.964  1669  1686 I WifiService: reportActivityInfo uid=1000
04-25 11:50:46.964  1669  1686 I WifiService: getSupportedFeatures uid=1000
04-25 11:50:46.967  8709  8737 D EGL_emulation: eglMakeCurrent: 0xa2e050c0: ver 2 0 (tinfo 0xa2e030d0)
04-25 11:50:46.974  8709  8737 I chatty  : uid=10081(com.example.bicepgamers) RenderThread identical 1 line
04-25 11:50:46.985  8709  8737 D EGL_emulation: eglMakeCurrent: 0xa2e050c0: ver 2 0 (tinfo 0xa2e030d0)
04-25 11:50:47.217  8709  8709 I ViewInteraction: Performing 'single click' action on view an instance of android.widget.TextView and view.getText() with or without transformation to match: is "End"
04-25 11:50:47.281  8709  8737 D EGL_emulation: eglMakeCurrent: 0xa2e050c0: ver 2 0 (tinfo 0xa2e030d0)
04-25 11:50:47.334  8709  8709 I System.out: DIABLOESPRESSO
04-25 11:50:47.354  8709  8709 W System.err: Apr 25, 2022 11:50:47 AM org.hsqldb.persist.Logger logInfoEvent
04-25 11:50:47.354  8709  8709 W System.err: INFO: Database closed
04-25 11:50:47.478  8709  8737 D EGL_emulation: eglMakeCurrent: 0xa2e050c0: ver 2 0 (tinfo 0xa2e030d0)
04-25 11:50:47.497  8709  8737 D EGL_emulation: eglMakeCurrent: 0xa2e050c0: ver 2 0 (tinfo 0xa2e030d0)
04-25 11:50:47.500  8709  8709 D LifecycleMonitor: Lifecycle status change: com.example.bicepgamers.GUI.SessionTimer@cdaf6d8 in: PAUSED
04-25 11:50:47.518  8709  8709 D LifecycleMonitor: Lifecycle status change: com.example.bicepgamers.GUI.ShowAllGames@10c8281 in: PRE_ON_CREATE
04-25 11:50:47.746  8709  8720 I zygote  : Background concurrent copying GC freed 107330(5MB) AllocSpace objects, 18(392KB) LOS objects, 46% free, 6MB/12MB, paused 529us total 116.450ms
04-25 11:50:47.804  8709  8709 W System.err: Apr 25, 2022 11:50:47 AM org.hsqldb.persist.Logger logInfoEvent
04-25 11:50:47.804  8709  8709 W System.err: INFO: Database closed
04-25 11:50:47.908  8709  8709 D LifecycleMonitor: Lifecycle status change: com.example.bicepgamers.GUI.ShowAllGames@10c8281 in: CREATED
04-25 11:50:47.908  8709  8709 D LifecycleMonitor: Lifecycle status change: com.example.bicepgamers.GUI.ShowAllGames@10c8281 in: STARTED
04-25 11:50:47.911  8709  8709 D LifecycleMonitor: Lifecycle status change: com.example.bicepgamers.GUI.ShowAllGames@10c8281 in: RESUMED
04-25 11:50:48.048  1442  1480 D gralloc_ranchu: gralloc_alloc: Creating ashmem region of size 9334784
04-25 11:50:48.053  1442  1480 D gralloc_ranchu: gralloc_alloc: Creating ashmem region of size 9334784
04-25 11:50:48.069  1442  1442 D gralloc_ranchu: gralloc_alloc: Creating ashmem region of size 9334784
04-25 11:50:48.118  8709  8737 D EGL_emulation: eglMakeCurrent: 0xa2e050c0: ver 2 0 (tinfo 0xa2e030d0)
04-25 11:50:48.167  1669  1690 I ActivityManager: Displayed com.example.bicepgamers/.GUI.ShowAllGames: +661ms
04-25 11:50:48.469  8709  8709 I ViewInteraction: Performing 'single click' action on view view.getId() is <2131296663/com.example.bicepgamers:id/sessions>
04-25 11:50:48.495  1792  1792 D StatusBar: disable<e i a s b h r c s q >
04-25 11:50:48.518  1792  2002 D EGL_emulation: eglMakeCurrent: 0x91c44560: ver 2 0 (tinfo 0x91fd4a30)
04-25 11:50:48.525  1442  1442 D gralloc_ranchu: gralloc_alloc: Creating ashmem region of size 286720
04-25 11:50:48.551  1792  2002 D EGL_emulation: eglMakeCurrent: 0x91c44560: ver 2 0 (tinfo 0x91fd4a30)
04-25 11:50:48.571  8709  8709 D LifecycleMonitor: Lifecycle status change: com.example.bicepgamers.GUI.ShowAllGames@10c8281 in: PAUSED
04-25 11:50:48.592  1442  1442 D gralloc_ranchu: gralloc_alloc: Creating ashmem region of size 286720
04-25 11:50:48.609  1442  1442 D gralloc_ranchu: gralloc_alloc: Creating ashmem region of size 286720
04-25 11:50:48.627  8709  8709 D LifecycleMonitor: Lifecycle status change: com.example.bicepgamers.GUI.SessionTimer@cdaf6d8 in: STOPPED
04-25 11:50:48.656  8709  8709 D LifecycleMonitor: Lifecycle status change: com.example.bicepgamers.GUI.ShowAllSessions@15c1b90 in: PRE_ON_CREATE
04-25 11:50:48.870  8709  8709 W System.err: Apr 25, 2022 11:50:48 AM org.hsqldb.persist.Logger logInfoEvent
04-25 11:50:48.871  8709  8709 W System.err: INFO: Database closed
04-25 11:50:48.976  8709  8709 D LifecycleMonitor: Lifecycle status change: com.example.bicepgamers.GUI.ShowAllSessions@15c1b90 in: CREATED
04-25 11:50:48.979  8709  8709 D LifecycleMonitor: Lifecycle status change: com.example.bicepgamers.GUI.ShowAllSessions@15c1b90 in: STARTED
04-25 11:50:48.981  8709  8709 D LifecycleMonitor: Lifecycle status change: com.example.bicepgamers.GUI.ShowAllSessions@15c1b90 in: RESUMED
04-25 11:50:49.046  1442  1442 D gralloc_ranchu: gralloc_alloc: Creating ashmem region of size 9334784
04-25 11:50:49.049  1442  1480 D gralloc_ranchu: gralloc_alloc: Creating ashmem region of size 9334784
04-25 11:50:49.057  1442  1480 D gralloc_ranchu: gralloc_alloc: Creating ashmem region of size 9334784
04-25 11:50:49.071  1669  1682 E memtrack: Couldn't load memtrack module
04-25 11:50:49.071  1669  1682 W android.os.Debug: failed to get memory consumption info: -1
04-25 11:50:49.085  8709  8737 D EGL_emulation: eglMakeCurrent: 0xa2e050c0: ver 2 0 (tinfo 0xa2e030d0)
04-25 11:50:49.110  8709  8737 D EGL_emulation: eglMakeCurrent: 0xa2e050c0: ver 2 0 (tinfo 0xa2e030d0)
04-25 11:50:49.111  1669  1690 I ActivityManager: Displayed com.example.bicepgamers/.GUI.ShowAllSessions: +533ms
04-25 11:50:49.143  8709  8737 D EGL_emulation: eglMakeCurrent: 0xa2e050c0: ver 2 0 (tinfo 0xa2e030d0)
04-25 11:50:49.167  8709  8737 I chatty  : uid=10081(com.example.bicepgamers) RenderThread identical 1 line
04-25 11:50:49.186  8709  8737 D EGL_emulation: eglMakeCurrent: 0xa2e050c0: ver 2 0 (tinfo 0xa2e030d0)
04-25 11:50:49.208  8709  8709 D LifecycleMonitor: Lifecycle status change: com.example.bicepgamers.GUI.ShowAllGames@10c8281 in: STOPPED
04-25 11:50:49.506  8709  8733 W System.err: Apr 25, 2022 11:50:49 AM org.hsqldb.persist.Logger logInfoEvent
04-25 11:50:49.506  8709  8733 W System.err: INFO: Database closed
04-25 11:50:49.609  8709  8709 I ViewInteraction: Performing 'scroll RecyclerView to position: 0' action on view view.getId() is <2131296622/com.example.bicepgamers:id/recyclerViewSessions>
04-25 11:50:49.617  8709  8709 I ViewInteraction: Checking 'MatchesViewAssertion{viewMatcher=(view has effective visibility <VISIBLE> and view.getGlobalVisibleRect() to return non-empty rectangle)}' assertion on view an instance of android.widget.TextView and view.getText() with or without transformation to match: is "DIABLOESPRESSO"
04-25 11:50:49.619  8709  8709 I ViewInteraction: Checking 'MatchesViewAssertion{viewMatcher=(view has effective visibility <VISIBLE> and view.getGlobalVisibleRect() to return non-empty rectangle)}' assertion on view an instance of android.widget.TextView and view.getText() with or without transformation to match: is "PC"
04-25 11:50:49.621  8709  8709 I ViewInteraction: Checking 'MatchesViewAssertion{viewMatcher=(view has effective visibility <VISIBLE> and view.getGlobalVisibleRect() to return non-empty rectangle)}' assertion on view an instance of android.widget.TextView and view.getText() with or without transformation to match: is "MOBA"
04-25 11:50:49.624  8709  8709 I ViewInteraction: Checking 'MatchesViewAssertion{viewMatcher=(view has effective visibility <VISIBLE> and view.getGlobalVisibleRect() to return non-empty rectangle)}' assertion on view an instance of android.widget.TextView and view.getText() with or without transformation to match: is "ONLINE"
04-25 11:50:49.678  8709  8733 W System.err: Apr 25, 2022 11:50:49 AM org.hsqldb.persist.Logger logInfoEvent
04-25 11:50:49.678  8709  8733 W System.err: INFO: Database closed
04-25 11:50:49.830  8709  8733 W System.err: Apr 25, 2022 11:50:49 AM org.hsqldb.persist.Logger logInfoEvent
04-25 11:50:49.830  8709  8733 W System.err: INFO: Database closed
04-25 11:50:49.998  8709  8733 W System.err: Apr 25, 2022 11:50:49 AM org.hsqldb.persist.Logger logInfoEvent
04-25 11:50:49.998  8709  8733 W System.err: INFO: Database closed
04-25 11:50:50.137  8709  8733 W System.err: Apr 25, 2022 11:50:50 AM org.hsqldb.persist.Logger logInfoEvent
04-25 11:50:50.137  8709  8733 W System.err: INFO: Database closed
04-25 11:50:50.243  8709  8709 D LifecycleMonitor: Lifecycle status change: com.example.bicepgamers.GUI.HomePage@f01d7ce in: DESTROYED
04-25 11:50:50.248  8709  8733 I TestRunner: finished: showAllGames(AndroidUITest)
